%s:6 PhanTypeNoPropertiesForeach Class \ArrayAccess was passed to foreach, but it does not extend Traversable and doesn't have any declared properties. (This check excludes dynamic properties)
