%s:7 PhanTypeMismatchArgumentNullableInternal Argument 1 ($value) is $ct of type ?\Countable|?\Traversable|?iterable but \count() takes \Countable|\ResourceBundle|\SimpleXMLElement|array (expected type to be non-nullable)
